package ginkgomockexpect

import (
	. "github.com/onsi/ginkgo/v2"
	"github.com/stretchr/testify/mock"
)

var _ = Describe("service", func() {
	var service *MockService

	BeforeEach(func() {
		service = NewMockService(GinkgoT())
	})

	It("configures a mock with the legacy API", func() {
		service.EXPECT().Fetch(mock.Anything).Return("result", nil) // want "mock-expect: use service\\.EXPECT\\(\\)\\.Fetch\\(\\.\\.\\.\\)"
	})

	It("accepts the expecter API", func() {
		service.EXPECT().Fetch(mock.Anything).Return("result", nil)
	})
})

type MockService struct {
	mock.Mock
}

type MockServiceExpecter struct {
	mock *mock.Mock
}

func (m *MockService) EXPECT() *MockServiceExpecter {
	return &MockServiceExpecter{mock: &m.Mock}
}

type MockServiceFetchCall struct {
	*mock.Call
}

func (e *MockServiceExpecter) Fetch(id interface{}) *MockServiceFetchCall {
	return &MockServiceFetchCall{Call: e.mock.On("Fetch", id)}
}

func (c *MockServiceFetchCall) Return(result string, err error) *MockServiceFetchCall {
	c.Call.Return(result, err)
	return c
}

func NewMockService(t interface {
	mock.TestingT
	Cleanup(func())
}) *MockService {
	service := &MockService{}
	service.Mock.Test(t)
	t.Cleanup(func() { service.AssertExpectations(t) })
	return service
}
